2026-04-01 00:06:54, EXEC, v:1, k:ed@rotacoes, mode:FULL, rate:0, size:30
2026-04-01 00:11:13, MOVE, v:1, k:ed@rotacoes, mode:BACK
2026-04-01 00:11:18, MOVE, v:1, k:ed@rotacoes, mode:PICK
2026-04-01 00:13:00, EXEC, v:1, k:ed@rotacoes, mode:FULL, rate:0, size:31
2026-04-01 00:13:12, EXEC, v:1, k:ed@rotacoes, mode:FULL, rate:0, size:31
2026-04-01 00:13:23, EXEC, v:1, k:ed@rotacoes, mode:FULL, rate:100, size:31
2026-04-01 00:20:17, EXEC, v:1, k:ed@rotacoes, mode:FULL, rate:0, size:36
2026-04-01 00:20:28, EXEC, v:1, k:ed@rotacoes, mode:FULL, rate:0, size:36
2026-04-01 00:20:55, EXEC, v:1, k:ed@rotacoes, mode:FULL, rate:0, size:37
2026-04-01 00:21:13, EXEC, v:1, k:ed@rotacoes, mode:FULL, rate:0, size:37
2026-04-01 00:21:24, MOVE, v:1, k:ed@rotacoes, mode:PICK
2026-04-01 00:21:36, EXEC, v:1, k:ed@rotacoes, mode:FULL, rate:100, size:34
2026-04-01 00:21:45, MOVE, v:1, k:ed@rotacoes, mode:BACK
2026-04-01 00:22:31, SELF, v:1, k:ed@rotacoes, self:1, rate:100, study:30, concept:1
2026-04-01 13:25:11, MOVE, v:1, k:ed@resto, mode:DOWN
2026-04-01 13:25:21, MOVE, v:1, k:ed@resto, mode:DOWN
2026-04-01 13:25:23, MOVE, v:1, k:ed@resto, mode:DOWN
2026-04-01 13:25:25, MOVE, v:1, k:ed@resto, mode:PICK
2026-04-01 13:27:48, MOVE, v:1, k:ed@resto, mode:BACK
2026-04-01 13:27:55, MOVE, v:1, k:ed@resto, mode:PICK
2026-04-01 14:20:01, MOVE, v:1, k:ed@queimada, mode:DOWN
2026-04-01 14:20:07, MOVE, v:1, k:ed@queimada, mode:PICK
2026-04-01 14:27:05, EXEC, v:1, k:ed@queimada, mode:FULL, rate:0, size:50
2026-04-01 14:29:32, EXEC, v:1, k:ed@queimada, mode:FULL, rate:0, size:52
2026-04-01 14:31:02, EXEC, v:1, k:ed@queimada, mode:FULL, rate:0, size:52
2026-04-01 14:31:22, EXEC, v:1, k:ed@queimada, mode:FULL, size:52, fail:COMP
2026-04-01 14:32:07, EXEC, v:1, k:ed@queimada, mode:FULL, rate:0, size:52
2026-04-01 14:33:02, MOVE, v:1, k:ed@queimada, mode:BACK
2026-04-01 14:33:06, MOVE, v:1, k:ed@queimada, mode:PICK
