2026-05-31 19:36:15, MOVE, v:1, k:ed@sudoku, mode:PICK
2026-05-31 19:40:38, MOVE, v:1, k:ed@sudoku, mode:BACK
2026-05-31 19:44:12, MOVE, v:1, k:ed@sudoku, mode:PICK
2026-05-31 19:45:36, MOVE, v:1, k:ed@sudoku, mode:EDIT
2026-05-31 19:48:19, EXEC, v:1, k:ed@sudoku, mode:FULL, rate:0, size:92
2026-05-31 19:49:26, EXEC, v:1, k:ed@sudoku, mode:FULL, rate:0, size:92
2026-05-31 19:50:21, EXEC, v:1, k:ed@sudoku, mode:FULL, rate:0, size:91
2026-05-31 19:50:15, MOVE, v:1, k:ed@sudoku, mode:EDIT
2026-05-31 19:50:21, MOVE, v:1, k:ed@sudoku, mode:EDIT
2026-05-31 19:50:47, MOVE, v:1, k:ed@sudoku, mode:BACK
2026-05-31 19:50:51, MOVE, v:1, k:ed@sudoku, mode:PICK
2026-05-31 19:50:52, MOVE, v:1, k:ed@sudoku, mode:BACK
2026-05-31 19:53:48, MOVE, v:1, k:ed@sudoku, mode:PICK
2026-05-31 19:55:32, MOVE, v:1, k:ed@sudoku, mode:EDIT
2026-05-31 19:59:40, MOVE, v:1, k:ed@sudoku, mode:EDIT
2026-05-31 20:02:11, MOVE, v:1, k:ed@sudoku, mode:BACK
2026-05-31 20:01:57, MOVE, v:1, k:ed@sudoku, mode:EDIT
2026-05-31 20:10:35, MOVE, v:1, k:ed@sudoku, mode:EDIT
2026-05-31 20:10:40, MOVE, v:1, k:ed@sudoku, mode:PICK
2026-05-31 20:10:42, EXEC, v:1, k:ed@sudoku, mode:FULL, rate:0, size:73
2026-05-31 20:10:54, EXEC, v:1, k:ed@sudoku, mode:FULL, rate:40, size:73
2026-05-31 20:11:07, MOVE, v:1, k:ed@sudoku, mode:BACK
2026-05-31 20:11:22, MOVE, v:1, k:ed@sudoku, mode:PICK
2026-05-31 20:11:32, EXEC, v:1, k:ed@sudoku, mode:FULL, rate:40
2026-05-31 20:12:25, EXEC, v:1, k:ed@sudoku, mode:FULL, rate:100, size:73
2026-05-31 20:12:27, MOVE, v:1, k:ed@sudoku, mode:BACK
2026-05-31 20:12:54, SELF, v:1, k:ed@sudoku, self:1, rate:100, study:70, concept:1
2026-05-31 20:13:31, SELF, v:1, k:ed@sudoku, self:1, rate:100, study:70
2026-05-31 20:13:43, SELF, v:1, k:ed@sudoku, self:1, rate:100, study:70, concept:1
2026-05-31 20:14:21, MOVE, v:1, k:ed@iterador, mode:DOWN
2026-05-31 20:14:24, MOVE, v:1, k:ed@iterador, mode:PICK
2026-05-31 20:11:46, MOVE, v:1, k:ed@sudoku, mode:EDIT
2026-05-31 20:12:25, MOVE, v:1, k:ed@sudoku, mode:EDIT
2026-05-31 20:15:28, MOVE, v:1, k:ed@iterador, mode:EDIT
2026-05-31 20:14:21, MOVE, v:1, k:ed@iterador, mode:EDIT
2026-05-31 20:14:21, MOVE, v:1, k:ed@iterador, mode:EDIT
2026-05-31 20:14:21, MOVE, v:1, k:ed@iterador, mode:EDIT
2026-05-31 20:16:44, MOVE, v:1, k:ed@iterador, mode:BACK
2026-05-31 20:16:38, MOVE, v:1, k:ed@iterador, mode:EDIT
