2026-03-15 20:05:41, MOVE, v:1, k:sandbox@user_001, mode:PICK
2026-03-15 20:05:48, MOVE, v:1, k:sandbox@user_001, mode:BACK
2026-03-15 20:05:55, MOVE, v:1, k:ed@pintando, mode:DOWN
2026-03-15 20:56:21, MOVE, v:1, k:ed@pintando, mode:PICK
2026-03-15 20:56:39, MOVE, v:1, k:ed@pintando, mode:BACK
2026-03-15 20:56:51, MOVE, v:1, k:ed@pintando, mode:PICK
2026-03-15 20:56:56, EXEC, v:1, k:ed@pintando, mode:FULL, rate:0, size:5
2026-03-15 21:20:47, MOVE, v:1, k:ed@pintando, mode:BACK
2026-03-15 21:29:04, MOVE, v:1, k:ed@pintando, mode:PICK
2026-03-15 21:45:26, EXEC, v:1, k:ed@pintando, mode:FULL, rate:0, size:13
2026-03-15 21:47:03, MOVE, v:1, k:ed@pintando, mode:BACK
2026-03-15 21:47:07, MOVE, v:1, k:ed@pintando, mode:PICK
2026-03-15 21:47:09, EXEC, v:1, k:ed@pintando, mode:FULL, rate:0, size:13
2026-03-15 21:58:58, MOVE, v:1, k:ed@pintando, mode:BACK
2026-03-15 21:59:01, MOVE, v:1, k:ed@pintando, mode:PICK
2026-03-15 21:59:02, EXEC, v:1, k:ed@pintando, mode:FULL, rate:0, size:20
2026-03-15 21:59:17, EXEC, v:1, k:ed@pintando, mode:FULL, rate:100, size:20
2026-03-15 21:59:18, EXEC, v:1, k:ed@pintando, mode:FULL, rate:100, size:20
2026-03-15 21:59:40, MOVE, v:1, k:ed@pintando, mode:BACK
2026-03-15 22:01:21, MOVE, v:1, k:ed@mumia, mode:DOWN
