2026-06-06 01:21:01, MOVE, v:1, k:ed@mdc, mode:PICK
2026-06-06 01:21:10, EXEC, v:1, k:ed@mdc, mode:FULL, rate:100
2026-06-06 01:21:14, MOVE, v:1, k:ed@mdc, mode:BACK
2026-06-06 01:22:17, MOVE, v:1, k:ed@iterador, mode:PICK
2026-06-06 01:21:10, MOVE, v:1, k:ed@mdc, mode:EDIT
2026-06-06 01:32:49, MOVE, v:1, k:ed@iterador, mode:EDIT
2026-06-06 01:35:17, EXEC, v:1, k:ed@iterador, mode:FULL, size:87, fail:COMP
2026-06-06 01:37:39, EXEC, v:1, k:ed@iterador, mode:FULL, size:87, fail:COMP
2026-06-06 01:37:36, MOVE, v:1, k:ed@iterador, mode:EDIT
2026-06-06 01:39:44, EXEC, v:1, k:ed@iterador, mode:FULL, size:92, fail:COMP
2026-06-06 01:39:57, EXEC, v:1, k:ed@iterador, mode:FREE
2026-06-06 01:40:29, MOVE, v:1, k:ed@iterador, mode:BACK
2026-06-06 01:41:10, MOVE, v:1, k:ed@iterador, mode:PICK
2026-06-06 01:41:11, EXEC, v:1, k:ed@iterador, mode:FULL, fail:COMP
2026-06-06 01:51:51, MOVE, v:1, k:ed@iterador, mode:PICK
2026-06-06 01:53:54, EXEC, v:1, k:ed@iterador, mode:FULL, size:96, fail:COMP
2026-06-06 01:56:26, MOVE, v:1, k:ed@iterador, mode:EDIT
2026-06-06 01:57:37, EXEC, v:1, k:ed@iterador, mode:FULL, size:108, fail:COMP
2026-06-06 01:57:38, EXEC, v:1, k:ed@iterador, mode:FULL, fail:COMP
2026-06-06 01:57:40, EXEC, v:1, k:ed@iterador, mode:FULL, size:108, fail:COMP
2026-06-06 01:57:47, EXEC, v:1, k:ed@iterador, mode:FULL, fail:COMP
2026-06-06 01:58:07, EXEC, v:1, k:ed@iterador, mode:FULL, fail:COMP
2026-06-06 01:58:33, EXEC, v:1, k:ed@iterador, mode:FULL, size:108, fail:COMP
2026-06-06 01:58:34, EXEC, v:1, k:ed@iterador, mode:FULL, fail:COMP
2026-06-06 01:58:34, EXEC, v:1, k:ed@iterador, mode:FULL, fail:COMP
2026-06-06 01:58:34, EXEC, v:1, k:ed@iterador, mode:FULL, fail:COMP
2026-06-06 01:58:42, EXEC, v:1, k:ed@iterador, mode:FULL, size:108, fail:COMP
2026-06-06 01:58:43, EXEC, v:1, k:ed@iterador, mode:FULL, fail:COMP
2026-06-06 01:59:00, EXEC, v:1, k:ed@iterador, mode:FULL, size:109, fail:COMP
2026-06-06 02:00:07, MOVE, v:1, k:ed@iterador, mode:PICK
2026-06-06 02:01:17, EXEC, v:1, k:ed@iterador, mode:FULL, rate:66, size:108
2026-06-06 02:03:42, MOVE, v:1, k:ed@iterador, mode:EDIT
2026-06-06 02:01:17, MOVE, v:1, k:ed@iterador, mode:EDIT
2026-06-06 02:06:18, EXEC, v:1, k:ed@iterador, mode:FULL, rate:100, size:125
2026-06-06 02:06:53, EXEC, v:1, k:ed@iterador, mode:FULL, rate:100
2026-06-06 02:06:53, EXEC, v:1, k:ed@iterador, mode:FULL, rate:100
2026-06-06 02:07:16, EXEC, v:1, k:ed@iterador, mode:FULL, rate:100, size:125
2026-06-06 02:07:28, EXEC, v:1, k:ed@iterador, mode:FULL, rate:100, size:124
2026-06-06 02:07:30, MOVE, v:1, k:ed@iterador, mode:BACK
2026-06-06 02:08:20, SELF, v:1, k:ed@iterador, self:1, rate:100, study:50, concept:1, problem:1
2026-06-06 02:08:36, SELF, v:1, k:ed@iterador, self:1, rate:100, study:50, concept:1
2026-06-06 02:09:04, MOVE, v:1, k:ed@magicsearch, mode:DOWN
2026-06-06 02:07:27, MOVE, v:1, k:ed@iterador, mode:EDIT
2026-06-06 02:07:28, MOVE, v:1, k:ed@iterador, mode:EDIT
2026-06-06 02:09:53, MOVE, v:1, k:ed@magicsearch, mode:PICK
2026-06-06 02:22:42, EXEC, v:1, k:ed@magicsearch, mode:FULL, rate:20, size:37
2026-06-06 02:23:44, EXEC, v:1, k:ed@magicsearch, mode:FULL, rate:20, size:37
2026-06-06 02:24:07, EXEC, v:1, k:ed@magicsearch, mode:FULL, rate:20, size:33
2026-06-06 02:29:58, EXEC, v:1, k:ed@magicsearch, mode:FULL, rate:50, size:52
2026-06-06 02:30:41, MOVE, v:1, k:ed@magicsearch, mode:BACK
2026-06-06 02:31:01, MOVE, v:1, k:ed@magicsearch, mode:PICK
2026-06-06 02:31:04, EXEC, v:1, k:ed@magicsearch, mode:FULL, rate:50
2026-06-06 02:34:10, EXEC, v:1, k:ed@magicsearch, mode:FULL, rate:60, size:52
2026-06-06 02:37:45, MOVE, v:1, k:ed@magicsearch, mode:BACK
2026-06-06 02:37:51, MOVE, v:1, k:ed@magicsearch, mode:PICK
2026-06-06 02:41:27, MOVE, v:1, k:ed@magicsearch, mode:BACK
2026-06-06 02:42:00, MOVE, v:1, k:ed@magicsearch, mode:PICK
2026-06-06 02:42:19, EXEC, v:1, k:ed@magicsearch, mode:FULL, rate:60, size:53
2026-06-06 02:42:42, EXEC, v:1, k:ed@magicsearch, mode:FULL, rate:90, size:53
2026-06-06 02:43:10, EXEC, v:1, k:ed@magicsearch, mode:FULL, rate:60, size:53
2026-06-06 02:43:24, EXEC, v:1, k:ed@magicsearch, mode:FULL, rate:10, size:53
2026-06-06 02:44:30, EXEC, v:1, k:ed@magicsearch, mode:FULL, rate:50, size:53
2026-06-06 02:44:38, EXEC, v:1, k:ed@magicsearch, mode:FULL, rate:90, size:53
2026-06-06 02:45:21, EXEC, v:1, k:ed@magicsearch, mode:FULL, rate:100, size:53
2026-06-06 02:45:30, MOVE, v:1, k:ed@magicsearch, mode:BACK
2026-06-06 02:45:57, SELF, v:1, k:ed@magicsearch, self:1, rate:100, study:30, concept:1
2026-06-06 02:45:19, MOVE, v:1, k:ed@magicsearch, mode:EDIT
2026-06-06 02:45:21, MOVE, v:1, k:ed@magicsearch, mode:EDIT
2026-06-06 02:46:53, MOVE, v:1, k:ed@alternando, mode:PICK
2026-06-06 02:46:55, MOVE, v:1, k:ed@alternando, mode:BACK
2026-06-06 02:47:43, MOVE, v:1, k:ed@multiset, mode:DOWN
2026-06-06 02:47:45, MOVE, v:1, k:ed@multiset, mode:PICK
2026-06-06 02:48:23, EXEC, v:1, k:ed@multiset, mode:FULL, rate:0, size:59
2026-06-06 02:50:01, MOVE, v:1, k:ed@multiset, mode:BACK
2026-06-06 02:50:07, MOVE, v:1, k:ed@multiset, mode:PICK
2026-06-06 02:47:43, MOVE, v:1, k:ed@multiset, mode:EDIT
2026-06-06 02:47:43, MOVE, v:1, k:ed@multiset, mode:EDIT
2026-06-06 02:47:43, MOVE, v:1, k:ed@multiset, mode:EDIT
2026-06-06 02:51:38, MOVE, v:1, k:ed@multiset, mode:EDIT
2026-06-06 02:48:23, MOVE, v:1, k:ed@multiset, mode:EDIT
2026-06-06 02:56:37, MOVE, v:1, k:ed@multiset, mode:EDIT
2026-06-06 02:57:06, EXEC, v:1, k:ed@multiset, mode:FULL, rate:0, size:73
2026-06-06 02:57:22, MOVE, v:1, k:ed@multiset, mode:BACK
2026-06-06 02:57:26, MOVE, v:1, k:ed@multiset, mode:PICK
2026-06-06 02:56:44, MOVE, v:1, k:ed@multiset, mode:EDIT
2026-06-06 02:57:06, MOVE, v:1, k:ed@multiset, mode:EDIT
2026-06-06 03:03:16, MOVE, v:1, k:ed@multiset, mode:BACK
2026-06-06 03:29:03, MOVE, v:1, k:ed@multiset, mode:PICK
2026-06-06 03:28:59, MOVE, v:1, k:ed@multiset, mode:EDIT
2026-06-06 03:33:30, MOVE, v:1, k:ed@multiset, mode:EDIT
2026-06-06 03:33:39, EXEC, v:1, k:ed@multiset, mode:FULL, size:80, fail:COMP
2026-06-06 03:33:46, MOVE, v:1, k:ed@multiset, mode:BACK
2026-06-06 03:33:48, MOVE, v:1, k:ed@multiset, mode:PICK
2026-06-06 03:34:09, MOVE, v:1, k:ed@multiset, mode:PICK
2026-06-06 03:37:15, EXEC, v:1, k:ed@multiset, mode:FULL, size:84, fail:COMP
2026-06-06 03:37:48, MOVE, v:1, k:ed@multiset, mode:EDIT
2026-06-06 03:44:32, EXEC, v:1, k:ed@multiset, mode:FULL, size:85, fail:COMP
2026-06-06 03:48:34, EXEC, v:1, k:ed@multiset, mode:FULL, rate:0, size:83
2026-06-06 03:49:01, MOVE, v:1, k:ed@multiset, mode:EDIT
2026-06-06 03:48:34, MOVE, v:1, k:ed@multiset, mode:EDIT
2026-06-06 03:49:21, EXEC, v:1, k:ed@multiset, mode:FULL, size:84, fail:COMP
2026-06-06 03:52:58, EXEC, v:1, k:ed@multiset, mode:FULL, size:97, fail:COMP
2026-06-06 03:53:35, EXEC, v:1, k:ed@multiset, mode:FULL, fail:COMP
2026-06-06 03:52:23, MOVE, v:1, k:ed@multiset, mode:EDIT
2026-06-06 03:54:24, EXEC, v:1, k:ed@multiset, mode:FULL, size:97, fail:COMP
2026-06-06 03:55:10, EXEC, v:1, k:ed@multiset, mode:FULL, rate:0, size:98
2026-06-06 03:55:26, MOVE, v:1, k:ed@multiset, mode:BACK
2026-06-06 03:55:53, MOVE, v:1, k:ed@multiset, mode:PICK
2026-06-06 03:59:04, MOVE, v:1, k:ed@multiset, mode:EDIT
2026-06-06 03:55:10, MOVE, v:1, k:ed@multiset, mode:EDIT
2026-06-06 03:59:54, EXEC, v:1, k:ed@multiset, mode:FULL, rate:0, size:112
2026-06-06 04:01:45, EXEC, v:1, k:ed@multiset, mode:FULL, rate:0, size:171
2026-06-06 04:03:08, MOVE, v:1, k:ed@multiset, mode:BACK
2026-06-06 04:04:57, MOVE, v:1, k:ed@enesimo, mode:PICK
2026-06-06 04:06:08, EXEC, v:1, k:ed@enesimo, mode:FULL, rate:0, size:28
2026-06-06 04:03:38, MOVE, v:1, k:ed@multiset, mode:EDIT
2026-06-06 04:06:07, MOVE, v:1, k:ed@enesimo, mode:EDIT
2026-06-06 04:08:11, MOVE, v:1, k:ed@enesimo, mode:EDIT
2026-06-06 04:13:13, MOVE, v:1, k:ed@enesimo, mode:EDIT
2026-06-06 04:16:23, EXEC, v:1, k:ed@enesimo, mode:FULL, rate:0, size:41
2026-06-06 04:17:05, EXEC, v:1, k:ed@enesimo, mode:FULL, rate:0, size:38
2026-06-06 04:17:47, EXEC, v:1, k:ed@enesimo, mode:FULL, rate:12, size:38
2026-06-06 04:18:14, EXEC, v:1, k:ed@enesimo, mode:FULL, rate:12, size:38
2026-06-06 04:18:19, MOVE, v:1, k:ed@enesimo, mode:EDIT
2026-06-06 04:18:14, MOVE, v:1, k:ed@enesimo, mode:EDIT
2026-06-06 04:20:50, EXEC, v:1, k:ed@enesimo, mode:FULL, rate:0, size:38
2026-06-06 04:20:58, MOVE, v:1, k:ed@enesimo, mode:BACK
2026-06-06 04:21:13, MOVE, v:1, k:ed@enesimo, mode:PICK
2026-06-06 04:21:43, EXEC, v:1, k:ed@enesimo, mode:FULL, rate:0, size:38
2026-06-06 04:23:20, MOVE, v:1, k:ed@enesimo, mode:EDIT
2026-06-06 04:21:41, MOVE, v:1, k:ed@enesimo, mode:EDIT
2026-06-06 04:23:22, EXEC, v:1, k:ed@enesimo, mode:FULL, rate:100, size:39
2026-06-06 04:23:27, MOVE, v:1, k:ed@enesimo, mode:BACK
2026-06-06 04:23:47, SELF, v:1, k:ed@enesimo, self:1, rate:100, study:20, concept:1
2026-06-06 04:26:48, MOVE, v:1, k:ed@quadrado, mode:DOWN
2026-06-06 04:26:58, MOVE, v:1, k:ed@quadrado, mode:PICK
2026-06-06 04:23:22, MOVE, v:1, k:ed@enesimo, mode:EDIT
2026-06-06 04:26:48, MOVE, v:1, k:ed@quadrado, mode:EDIT
2026-06-06 04:26:48, MOVE, v:1, k:ed@quadrado, mode:EDIT
2026-06-06 04:28:19, MOVE, v:1, k:ed@quadrado, mode:EDIT
2026-06-06 04:31:27, EXEC, v:1, k:ed@quadrado, mode:FULL, rate:0, size:14
2026-06-06 04:32:44, MOVE, v:1, k:ed@quadrado, mode:EDIT
2026-06-06 04:31:27, MOVE, v:1, k:ed@quadrado, mode:EDIT
2026-06-06 04:37:24, EXEC, v:1, k:ed@quadrado, mode:FULL, size:14, fail:COMP
2026-06-06 04:38:14, MOVE, v:1, k:ed@quadrado, mode:EDIT
2026-06-06 04:39:50, EXEC, v:1, k:ed@quadrado, mode:FULL, rate:0, size:15
2026-06-06 04:40:16, EXEC, v:1, k:ed@quadrado, mode:FULL, rate:0, size:15
2026-06-06 04:42:19, EXEC, v:1, k:ed@quadrado, mode:FULL, rate:0, size:15
2026-06-06 04:42:11, MOVE, v:1, k:ed@quadrado, mode:EDIT
2026-06-06 04:42:18, MOVE, v:1, k:ed@quadrado, mode:EDIT
2026-06-06 04:45:04, EXEC, v:1, k:ed@quadrado, mode:FULL, size:16, fail:COMP
2026-06-06 04:45:34, EXEC, v:1, k:ed@quadrado, mode:FULL, rate:0, size:18
2026-06-06 04:45:53, EXEC, v:1, k:ed@quadrado, mode:FULL, rate:0, size:17
2026-06-06 04:47:59, EXEC, v:1, k:ed@quadrado, mode:FULL, rate:0, size:23
2026-06-06 04:48:20, MOVE, v:1, k:ed@quadrado, mode:EDIT
2026-06-06 04:47:59, MOVE, v:1, k:ed@quadrado, mode:EDIT
2026-06-06 04:49:34, EXEC, v:1, k:ed@quadrado, mode:FULL, rate:0, size:23
2026-06-06 04:50:24, EXEC, v:1, k:ed@quadrado, mode:FULL, rate:0, size:26
2026-06-06 04:50:32, EXEC, v:1, k:ed@quadrado, mode:FULL, rate:0, size:26
2026-06-06 04:51:59, EXEC, v:1, k:ed@quadrado, mode:FULL, rate:100, size:25
2026-06-06 04:52:09, MOVE, v:1, k:ed@quadrado, mode:BACK
2026-06-06 04:52:40, SELF, v:1, k:ed@quadrado, self:1, rate:100, study:25
2026-06-06 04:54:22, MOVE, v:1, k:ed@santo, mode:DOWN
2026-06-06 04:54:26, MOVE, v:1, k:ed@santo, mode:PICK
2026-06-06 04:54:22, MOVE, v:1, k:ed@santo, mode:EDIT
2026-06-06 04:54:22, MOVE, v:1, k:ed@santo, mode:EDIT
2026-06-06 04:54:22, MOVE, v:1, k:ed@santo, mode:EDIT
