2026-04-06 20:16:45, MOVE, v:1, k:ed@resto, mode:PICK
2026-04-06 21:37:53, MOVE, v:1, k:ed@resto, mode:PICK
2026-04-06 22:45:49, MOVE, v:1, k:ed@resto, mode:PICK
2026-04-06 22:56:41, EXEC, v:1, k:ed@resto, mode:FULL, size:21, fail:COMP
2026-04-06 22:57:01, EXEC, v:1, k:ed@resto, mode:FULL, rate:0, size:21
2026-04-06 22:57:10, EXEC, v:1, k:ed@resto, mode:FULL, rate:100, size:21
2026-04-06 22:58:21, EXEC, v:1, k:ed@resto, mode:FULL, rate:100
2026-04-06 22:59:49, MOVE, v:1, k:ed@resto, mode:BACK
2026-04-06 23:00:28, SELF, v:1, k:ed@resto, self:1, rate:100, study:20
2026-04-06 23:01:37, MOVE, v:1, k:ed@mdc, mode:DOWN
2026-04-06 23:01:47, MOVE, v:1, k:ed@mdc, mode:PICK
2026-04-06 23:26:30, MOVE, v:1, k:ed@mdc, mode:PICK
2026-04-06 23:27:29, EXEC, v:1, k:ed@mdc, mode:FULL, rate:100, size:24
2026-04-06 23:27:47, MOVE, v:1, k:ed@mdc, mode:BACK
2026-04-06 23:28:14, SELF, v:1, k:ed@mdc, self:1, rate:100, study:15, concept:1
2026-04-06 23:28:39, MOVE, v:1, k:ed@vetequals, mode:DOWN
2026-04-06 23:31:11, MOVE, v:1, k:ed@vetequals, mode:PICK
2026-04-06 23:46:54, SELF, v:1, k:ed@mdc, self:1, rate:100, study:25, concept:1
2026-04-06 23:47:09, MOVE, v:1, k:ed@vetequals, mode:PICK
2026-04-06 23:47:17, EXEC, v:1, k:ed@vetequals, mode:FULL, rate:100, size:59
2026-04-06 23:47:36, EXEC, v:1, k:ed@vetequals, mode:FULL, rate:100, size:60
2026-04-06 23:47:42, MOVE, v:1, k:ed@vetequals, mode:BACK
2026-04-06 23:49:44, MOVE, v:1, k:ed@triangulo, mode:DOWN
2026-04-06 23:51:46, MOVE, v:1, k:ed@triangulo, mode:PICK
