2026-07-02 00:00:08, EXEC, v:1, k:ed@lista_d1, mode:FULL, rate:100, size:131
2026-07-02 00:00:16, MOVE, v:1, k:ed@lista_d1, mode:BACK
2026-07-02 00:00:43, SELF, v:1, k:ed@lista_d1, self:1, rate:100, study:68, concept:1
2026-07-02 00:02:31, MOVE, v:1, k:ed@lista_d2, mode:DOWN
2026-07-02 00:02:31, MOVE, v:1, k:ed@lista_d2, mode:EDIT
2026-07-02 00:02:31, MOVE, v:1, k:ed@lista_d2, mode:EDIT
2026-07-02 00:10:02, MOVE, v:1, k:ed@lista_d2, mode:PICK
2026-07-02 00:10:05, EXEC, v:1, k:ed@lista_d2, mode:FULL, rate:0, size:93
2026-07-02 00:10:08, MOVE, v:1, k:ed@lista_d2, mode:BACK
2026-07-02 00:10:10, MOVE, v:1, k:ed@lista_d2, mode:PICK
2026-07-02 00:10:05, MOVE, v:1, k:ed@lista_d2, mode:EDIT
2026-07-02 00:10:23, MOVE, v:1, k:ed@lista_d2, mode:EDIT
2026-07-02 00:11:48, EXEC, v:1, k:ed@lista_d2, mode:FULL, size:228, fail:COMP
2026-07-02 00:12:10, EXEC, v:1, k:ed@lista_d2, mode:FULL, size:168, fail:COMP
2026-07-02 00:13:00, EXEC, v:1, k:ed@lista_d2, mode:FULL, rate:20, size:168
2026-07-02 00:14:02, EXEC, v:1, k:ed@lista_d2, mode:FULL, rate:20, size:169
2026-07-02 00:15:07, MOVE, v:1, k:ed@lista_d2, mode:BACK
2026-07-02 00:13:46, MOVE, v:1, k:ed@lista_d2, mode:EDIT
2026-07-02 00:14:02, MOVE, v:1, k:ed@lista_d2, mode:EDIT
2026-07-02 00:31:26, MOVE, v:1, k:ed@lista_d2, mode:PICK
2026-07-02 00:34:36, EXEC, v:1, k:ed@lista_d2, mode:FULL, rate:20, size:183
2026-07-02 00:35:28, EXEC, v:1, k:ed@lista_d2, mode:FULL, rate:20, size:184
2026-07-02 00:35:02, MOVE, v:1, k:ed@lista_d2, mode:EDIT
2026-07-02 00:35:28, MOVE, v:1, k:ed@lista_d2, mode:EDIT
2026-07-02 00:38:30, MOVE, v:1, k:ed@lista_d2, mode:EDIT
2026-07-02 00:41:24, EXEC, v:1, k:ed@lista_d2, mode:FULL, rate:20, size:200
2026-07-02 00:45:07, EXEC, v:1, k:ed@lista_d2, mode:FULL, rate:20, size:209
2026-07-02 00:45:37, EXEC, v:1, k:ed@lista_d2, mode:FULL, size:209, fail:COMP
2026-07-02 00:45:36, MOVE, v:1, k:ed@lista_d2, mode:EDIT
2026-07-02 00:45:07, MOVE, v:1, k:ed@lista_d2, mode:EDIT
2026-07-02 00:46:03, EXEC, v:1, k:ed@lista_d2, mode:FULL, size:209, fail:COMP
2026-07-02 00:46:18, EXEC, v:1, k:ed@lista_d2, mode:FULL, rate:40, size:209
2026-07-02 00:49:37, EXEC, v:1, k:ed@lista_d2, mode:FULL, size:219, fail:COMP
2026-07-02 00:49:52, EXEC, v:1, k:ed@lista_d2, mode:FULL, rate:60, size:219
2026-07-02 00:50:32, MOVE, v:1, k:ed@lista_d2, mode:EDIT
2026-07-02 00:49:52, MOVE, v:1, k:ed@lista_d2, mode:EDIT
2026-07-02 00:52:30, EXEC, v:1, k:ed@lista_d2, mode:FULL, rate:80, size:229
2026-07-02 00:55:02, EXEC, v:1, k:ed@lista_d2, mode:FULL, rate:80
2026-07-02 00:55:21, MOVE, v:1, k:ed@lista_d2, mode:BACK
2026-07-02 00:58:28, MOVE, v:1, k:ed@lista_d2, mode:PICK
2026-07-02 00:58:33, EXEC, v:1, k:ed@lista_d2, mode:FULL, rate:80
2026-07-02 00:59:19, EXEC, v:1, k:ed@lista_d2, mode:FULL, rate:100, size:229
2026-07-02 00:59:25, MOVE, v:1, k:ed@lista_d2, mode:BACK
2026-07-02 00:59:43, SELF, v:1, k:ed@lista_d2, self:1, rate:100, study:56
2026-07-02 01:01:41, MOVE, v:1, k:ed@lista_d3, mode:DOWN
2026-07-02 01:01:41, MOVE, v:1, k:ed@lista_d3, mode:EDIT
2026-07-02 01:01:41, MOVE, v:1, k:ed@lista_d3, mode:EDIT
2026-07-02 01:07:39, MOVE, v:1, k:ed@lista_d3, mode:PICK
2026-07-02 01:07:41, EXEC, v:1, k:ed@lista_d3, mode:FULL, rate:0, size:340
2026-07-02 01:08:39, EXEC, v:1, k:ed@lista_d3, mode:FULL, size:340, fail:COMP
2026-07-02 01:08:46, EXEC, v:1, k:ed@lista_d3, mode:FULL, size:340, fail:COMP
2026-07-02 01:08:58, MOVE, v:1, k:ed@lista_d3, mode:PICK
2026-07-02 01:09:06, EXEC, v:1, k:ed@lista_d3, mode:FULL, rate:0, size:340
2026-07-02 01:10:51, EXEC, v:1, k:ed@lista_d3, mode:FULL, size:351, fail:COMP
2026-07-02 01:11:05, EXEC, v:1, k:ed@lista_d3, mode:FULL, rate:0, size:351
2026-07-02 01:11:43, EXEC, v:1, k:ed@lista_d3, mode:FULL, size:351, fail:COMP
2026-07-02 01:13:51, MOVE, v:1, k:ed@lista_d3, mode:EDIT
2026-07-02 01:11:05, MOVE, v:1, k:ed@lista_d3, mode:EDIT
2026-07-02 01:15:21, EXEC, v:1, k:ed@lista_d3, mode:FULL, size:364, fail:COMP
2026-07-02 01:15:46, EXEC, v:1, k:ed@lista_d3, mode:FULL, rate:25, size:364
2026-07-02 01:16:40, MOVE, v:1, k:ed@lista_d3, mode:BACK
2026-07-02 01:16:30, MOVE, v:1, k:ed@lista_d3, mode:EDIT
2026-07-02 01:15:46, MOVE, v:1, k:ed@lista_d3, mode:EDIT
2026-07-02 01:28:37, MOVE, v:1, k:ed@lista_d3, mode:PICK
2026-07-02 01:28:40, EXEC, v:1, k:ed@lista_d3, mode:FULL, size:364, fail:COMP
2026-07-02 01:31:55, EXEC, v:1, k:ed@lista_d3, mode:FULL, rate:50, size:376
2026-07-02 01:32:17, EXEC, v:1, k:ed@lista_d3, mode:FULL, size:376, fail:COMP
2026-07-02 01:32:56, MOVE, v:1, k:ed@lista_d3, mode:EDIT
2026-07-02 01:31:55, MOVE, v:1, k:ed@lista_d3, mode:EDIT
2026-07-02 01:34:36, EXEC, v:1, k:ed@lista_d3, mode:FULL, size:387, fail:COMP
2026-07-02 01:34:57, EXEC, v:1, k:ed@lista_d3, mode:FULL, rate:75, size:387
2026-07-02 01:38:02, MOVE, v:1, k:ed@lista_d3, mode:EDIT
2026-07-02 01:34:57, MOVE, v:1, k:ed@lista_d3, mode:EDIT
2026-07-02 01:40:20, EXEC, v:1, k:ed@lista_d3, mode:FULL, size:415, fail:COMP
2026-07-02 01:41:23, EXEC, v:1, k:ed@lista_d3, mode:FULL, rate:100, size:415
2026-07-02 01:41:54, EXEC, v:1, k:ed@lista_d3, mode:FULL, rate:100, size:185
2026-07-02 01:41:56, MOVE, v:1, k:ed@lista_d3, mode:BACK
2026-07-02 01:42:13, SELF, v:1, k:ed@lista_d3, self:1, rate:100, study:40
2026-07-02 04:19:41, MOVE, v:1, k:ed@editorint, mode:PICK
2026-07-02 04:19:44, MOVE, v:1, k:ed@editorint, mode:BACK
2026-07-02 04:21:55, MOVE, v:1, k:ed@editorint, mode:PICK
2026-07-02 04:22:01, MOVE, v:1, k:ed@editorint, mode:BACK
2026-07-02 04:27:54, MOVE, v:1, k:ed@prin_list1, mode:DOWN
2026-07-02 04:27:56, MOVE, v:1, k:ed@prin_list1, mode:PICK
2026-07-02 04:27:57, MOVE, v:1, k:ed@prin_list1, mode:BACK
2026-07-02 04:27:54, MOVE, v:1, k:ed@prin_list1, mode:EDIT
2026-07-02 04:27:54, MOVE, v:1, k:ed@prin_list1, mode:EDIT
2026-07-02 04:27:54, MOVE, v:1, k:ed@prin_list1, mode:EDIT
2026-07-02 04:43:51, MOVE, v:1, k:ed@prin_list1, mode:PICK
2026-07-02 04:43:54, EXEC, v:1, k:ed@prin_list1, mode:FULL, size:172, fail:COMP
2026-07-02 04:44:10, EXEC, v:1, k:ed@prin_list1, mode:FULL, rate:0, size:172
2026-07-02 04:44:26, MOVE, v:1, k:ed@prin_list1, mode:PICK
2026-07-02 04:44:51, EXEC, v:1, k:ed@prin_list1, mode:FULL, size:170, fail:COMP
2026-07-02 04:45:19, MOVE, v:1, k:ed@prin_list1, mode:PICK
2026-07-02 04:46:49, MOVE, v:1, k:ed@prin_list1, mode:PICK
2026-07-02 04:51:47, MOVE, v:1, k:ed@prin_list1, mode:EDIT
2026-07-02 04:52:07, EXEC, v:1, k:ed@prin_list1, mode:FULL, rate:0, size:183
2026-07-02 04:53:20, EXEC, v:1, k:ed@prin_list1, mode:FULL, rate:0, size:187
2026-07-02 04:54:30, EXEC, v:1, k:ed@prin_list1, mode:FULL, rate:0, size:187
2026-07-02 04:56:12, EXEC, v:1, k:ed@prin_list1, mode:FULL, rate:0, size:187
2026-07-02 04:56:37, MOVE, v:1, k:ed@prin_list1, mode:EDIT
2026-07-02 04:56:12, MOVE, v:1, k:ed@prin_list1, mode:EDIT
2026-07-02 04:57:26, EXEC, v:1, k:ed@prin_list1, mode:FULL, size:291, fail:COMP
2026-07-02 04:57:45, MOVE, v:1, k:ed@prin_list1, mode:PICK
2026-07-02 04:59:07, EXEC, v:1, k:ed@prin_list1, mode:FULL, rate:100, size:187
2026-07-02 04:59:16, MOVE, v:1, k:ed@prin_list1, mode:BACK
2026-07-02 04:59:46, SELF, v:1, k:ed@prin_list1, self:1, rate:100, study:31, concept:1
2026-07-02 05:00:40, MOVE, v:1, k:ed@prin_list2, mode:DOWN
2026-07-02 05:02:58, MOVE, v:1, k:ed@prin_list2, mode:PICK
2026-07-02 05:03:18, EXEC, v:1, k:ed@prin_list2, mode:FULL, rate:0, size:46
2026-07-02 05:00:40, MOVE, v:1, k:ed@prin_list2, mode:EDIT
2026-07-02 05:04:16, MOVE, v:1, k:ed@prin_list2, mode:EDIT
2026-07-02 05:03:18, MOVE, v:1, k:ed@prin_list2, mode:EDIT
2026-07-02 05:09:11, EXEC, v:1, k:ed@prin_list2, mode:FULL, size:63, fail:COMP
2026-07-02 05:09:22, MOVE, v:1, k:ed@prin_list2, mode:EDIT
2026-07-02 05:09:56, EXEC, v:1, k:ed@prin_list2, mode:FULL, rate:0, size:65
2026-07-02 05:10:36, EXEC, v:1, k:ed@prin_list2, mode:FULL, rate:0, size:65
2026-07-02 05:12:07, EXEC, v:1, k:ed@prin_list2, mode:FULL, rate:30, size:69
2026-07-02 05:13:37, EXEC, v:1, k:ed@prin_list2, mode:FULL, rate:0, size:73
2026-07-02 05:13:55, MOVE, v:1, k:ed@prin_list2, mode:BACK
2026-07-02 05:14:13, MOVE, v:1, k:ed@prin_list2, mode:PICK
2026-07-02 05:14:40, EXEC, v:1, k:ed@prin_list2, mode:FULL, rate:30, size:73
2026-07-02 05:14:57, EXEC, v:1, k:ed@prin_list2, mode:FULL, rate:30, size:73
2026-07-02 05:16:30, MOVE, v:1, k:ed@prin_list2, mode:BACK
2026-07-02 05:16:40, MOVE, v:1, k:ed@prin_list2, mode:PICK
2026-07-02 05:16:53, EXEC, v:1, k:ed@prin_list2, mode:FULL, rate:0, size:73
2026-07-02 05:17:51, EXEC, v:1, k:ed@prin_list2, mode:FULL, size:73, fail:COMP
2026-07-02 05:18:18, EXEC, v:1, k:ed@prin_list2, mode:FULL, rate:100, size:73
2026-07-02 05:18:24, MOVE, v:1, k:ed@prin_list2, mode:BACK
2026-07-02 05:18:52, SELF, v:1, k:ed@prin_list2, self:1, rate:100, study:17
2026-07-02 05:19:54, MOVE, v:1, k:ed@hex, mode:DOWN
2026-07-02 05:21:43, MOVE, v:1, k:ed@polonesa, mode:DOWN
2026-07-02 05:19:54, MOVE, v:1, k:ed@hex, mode:EDIT
2026-07-02 05:21:43, MOVE, v:1, k:ed@polonesa, mode:EDIT
2026-07-02 05:25:54, MOVE, v:1, k:ed@polonesa, mode:PICK
2026-07-02 05:26:43, MOVE, v:1, k:ed@polonesa, mode:PICK
2026-07-02 05:30:35, EXEC, v:1, k:ed@polonesa, mode:FULL, size:24, fail:COMP
2026-07-02 05:31:33, EXEC, v:1, k:ed@polonesa, mode:FULL, size:29, fail:COMP
2026-07-02 05:31:35, EXEC, v:1, k:ed@polonesa, mode:FULL, fail:COMP
2026-07-02 05:31:33, MOVE, v:1, k:ed@polonesa, mode:EDIT
2026-07-02 05:36:38, MOVE, v:1, k:ed@polonesa, mode:EDIT
2026-07-02 05:40:21, EXEC, v:1, k:ed@polonesa, mode:FULL, size:51, fail:COMP
2026-07-02 05:41:30, MOVE, v:1, k:ed@polonesa, mode:EDIT
2026-07-02 05:41:47, EXEC, v:1, k:ed@polonesa, mode:FULL, size:53, fail:COMP
2026-07-02 05:41:49, EXEC, v:1, k:ed@polonesa, mode:FULL, fail:COMP
2026-07-02 05:42:58, EXEC, v:1, k:ed@polonesa, mode:FULL, size:53, fail:COMP
2026-07-02 05:42:59, EXEC, v:1, k:ed@polonesa, mode:FULL, fail:COMP
2026-07-02 05:43:44, EXEC, v:1, k:ed@polonesa, mode:FULL, fail:COMP
2026-07-02 05:44:28, EXEC, v:1, k:ed@polonesa, mode:FULL, rate:60, size:53
2026-07-02 05:44:37, EXEC, v:1, k:ed@polonesa, mode:FULL, rate:60
2026-07-02 05:44:49, EXEC, v:1, k:ed@polonesa, mode:FULL, rate:0, size:53
2026-07-02 05:44:57, EXEC, v:1, k:ed@polonesa, mode:FULL, rate:60, size:53
2026-07-02 05:45:13, EXEC, v:1, k:ed@polonesa, mode:FULL, rate:100, size:53
2026-07-02 05:45:22, EXEC, v:1, k:ed@polonesa, mode:FULL, rate:100, size:53
2026-07-02 05:45:29, MOVE, v:1, k:ed@polonesa, mode:BACK
2026-07-02 05:45:53, SELF, v:1, k:ed@polonesa, self:1, rate:100, study:30
2026-07-02 05:46:08, SELF, v:1, k:ed@polonesa, self:1, rate:100, study:30, concept:1
2026-07-02 05:46:46, MOVE, v:1, k:ed@caminhao, mode:DOWN
2026-07-02 05:49:15, MOVE, v:1, k:ed@caminhao, mode:PICK
2026-07-02 05:46:46, MOVE, v:1, k:ed@caminhao, mode:EDIT
2026-07-02 05:50:35, MOVE, v:1, k:ed@caminhao, mode:EDIT
2026-07-02 05:50:40, EXEC, v:1, k:ed@caminhao, mode:FULL, rate:0, size:8
2026-07-02 05:54:52, EXEC, v:1, k:ed@caminhao, mode:FULL, rate:0, size:27
2026-07-02 05:54:54, EXEC, v:1, k:ed@caminhao, mode:FULL, rate:0
2026-07-02 05:55:00, MOVE, v:1, k:ed@caminhao, mode:BACK
2026-07-02 05:55:17, MOVE, v:1, k:ed@caminhao, mode:PICK
2026-07-02 05:55:31, EXEC, v:1, k:ed@caminhao, mode:FULL, rate:0, size:27
2026-07-02 05:57:33, EXEC, v:1, k:ed@caminhao, mode:FULL, rate:0, size:27
2026-07-02 05:57:54, EXEC, v:1, k:ed@caminhao, mode:FULL, rate:100, size:27
2026-07-02 05:58:06, EXEC, v:1, k:ed@caminhao, mode:FULL, rate:100, size:27
2026-07-02 05:58:10, MOVE, v:1, k:ed@caminhao, mode:BACK
2026-07-02 05:58:48, SELF, v:1, k:ed@caminhao, self:1, rate:100, study:15
2026-07-02 05:58:48, MOVE, v:1, k:ed@caminhao, mode:PICK
2026-07-02 05:58:49, EXEC, v:1, k:ed@caminhao, mode:FULL, rate:100
2026-07-02 05:58:50, EXEC, v:1, k:ed@caminhao, mode:FULL, rate:100
2026-07-02 05:58:51, EXEC, v:1, k:ed@caminhao, mode:FULL, rate:100
2026-07-02 05:58:52, EXEC, v:1, k:ed@caminhao, mode:FULL, rate:100
2026-07-02 05:58:52, EXEC, v:1, k:ed@caminhao, mode:FULL, rate:100
2026-07-02 05:58:52, MOVE, v:1, k:ed@caminhao, mode:BACK
2026-07-02 05:59:34, MOVE, v:1, k:ed@chaves, mode:PICK
2026-07-02 05:59:38, MOVE, v:1, k:ed@chaves, mode:BACK
2026-07-02 05:59:40, MOVE, v:1, k:ed@chaves, mode:PICK
2026-07-02 06:00:11, MOVE, v:1, k:ed@chaves, mode:BACK
2026-07-02 05:58:52, MOVE, v:1, k:ed@caminhao, mode:EDIT
2026-07-02 06:03:35, MOVE, v:1, k:ed@chaves, mode:PICK
2026-07-02 06:08:12, MOVE, v:1, k:ed@chaves, mode:EDIT
2026-07-02 06:12:05, MOVE, v:1, k:ed@chaves, mode:PICK
2026-07-02 06:12:08, EXEC, v:1, k:ed@chaves, mode:FULL, rate:0, size:64
2026-07-02 06:12:19, EXEC, v:1, k:ed@chaves, mode:FULL, rate:0, size:64
2026-07-02 06:15:17, EXEC, v:1, k:ed@chaves, mode:FULL, rate:10, size:76
2026-07-02 06:15:22, EXEC, v:1, k:ed@chaves, mode:FULL, rate:10
2026-07-02 06:15:27, MOVE, v:1, k:ed@chaves, mode:BACK
2026-07-02 06:15:42, MOVE, v:1, k:ed@chaves, mode:PICK
2026-07-02 06:16:16, MOVE, v:1, k:ed@chaves, mode:PICK
2026-07-02 06:16:19, EXEC, v:1, k:ed@chaves, mode:FULL, rate:10, size:76
2026-07-02 06:17:47, EXEC, v:1, k:ed@chaves, mode:FULL, rate:10, size:76
2026-07-02 06:18:27, EXEC, v:1, k:ed@chaves, mode:FULL, rate:10, size:76
2026-07-02 06:18:29, EXEC, v:1, k:ed@chaves, mode:FULL, rate:10
2026-07-02 06:18:53, EXEC, v:1, k:ed@chaves, mode:FULL, rate:10, size:76
2026-07-02 06:19:05, EXEC, v:1, k:ed@chaves, mode:FULL, rate:100, size:76
2026-07-02 06:19:13, MOVE, v:1, k:ed@chaves, mode:BACK
2026-07-02 06:19:46, SELF, v:1, k:ed@chaves, self:1, rate:100, study:49, concept:1
2026-07-02 06:22:36, MOVE, v:1, k:ed@clonar, mode:DOWN
2026-07-02 06:23:33, MOVE, v:1, k:ed@clonar, mode:PICK
2026-07-02 06:23:34, EXEC, v:1, k:ed@clonar, mode:FULL, rate:0, size:78
2026-07-02 06:24:18, EXEC, v:1, k:ed@clonar, mode:FULL, size:82, fail:COMP
2026-07-02 06:22:36, MOVE, v:1, k:ed@clonar, mode:EDIT
2026-07-02 06:24:17, MOVE, v:1, k:ed@clonar, mode:EDIT
2026-07-02 06:23:34, MOVE, v:1, k:ed@clonar, mode:EDIT
2026-07-02 06:24:28, EXEC, v:1, k:ed@clonar, mode:FULL, size:82, fail:COMP
2026-07-02 06:25:08, EXEC, v:1, k:ed@clonar, mode:FULL, rate:0, size:85
2026-07-02 06:25:47, EXEC, v:1, k:ed@clonar, mode:FULL, rate:0, size:85
2026-07-02 06:26:16, EXEC, v:1, k:ed@clonar, mode:FULL, size:85, fail:COMP
2026-07-02 06:26:37, MOVE, v:1, k:ed@clonar, mode:PICK
2026-07-02 06:26:53, EXEC, v:1, k:ed@clonar, mode:FULL, rate:0, size:85
2026-07-02 06:27:04, EXEC, v:1, k:ed@clonar, mode:FULL, rate:0, size:85
2026-07-02 06:27:38, MOVE, v:1, k:ed@clonar, mode:PICK
2026-07-02 06:29:11, EXEC, v:1, k:ed@clonar, mode:FULL, rate:100, size:83
2026-07-02 06:29:18, EXEC, v:1, k:ed@clonar, mode:FULL, rate:100, size:83
2026-07-02 06:29:25, EXEC, v:1, k:ed@clonar, mode:FULL, rate:0, size:83
2026-07-02 06:29:27, MOVE, v:1, k:ed@clonar, mode:BACK
2026-07-02 06:29:41, MOVE, v:1, k:ed@clonar, mode:PICK
2026-07-02 06:29:48, EXEC, v:1, k:ed@clonar, mode:FULL, rate:100, size:83
2026-07-02 06:29:50, MOVE, v:1, k:ed@clonar, mode:BACK
2026-07-02 06:30:22, SELF, v:1, k:ed@clonar, self:1, rate:100, study:15, friend:cecilia barbosa
