2026-05-20 13:19:20, MOVE, v:1, k:ed@labirinto, mode:PICK
2026-05-20 13:23:16, MOVE, v:1, k:ed@labirinto, mode:BACK
2026-05-20 13:23:23, MOVE, v:1, k:ed@labirinto, mode:PICK
2026-05-20 13:31:14, MOVE, v:1, k:ed@labirinto, mode:BACK
2026-05-20 13:39:50, MOVE, v:1, k:ed@labirinto, mode:PICK
2026-05-20 13:45:17, MOVE, v:1, k:ed@labirinto, mode:BACK
2026-05-20 13:45:27, MOVE, v:1, k:ed@enesimo, mode:PICK
2026-05-20 13:48:07, MOVE, v:1, k:ed@enesimo, mode:BACK
2026-05-20 13:48:13, MOVE, v:1, k:ed@labirinto, mode:PICK
2026-05-20 13:46:51, MOVE, v:1, k:ed@enesimo, mode:EDIT
2026-05-20 13:57:37, EXEC, v:1, k:ed@labirinto, mode:FULL, size:68, fail:COMP
2026-05-20 13:59:28, MOVE, v:1, k:ed@labirinto, mode:EDIT
2026-05-20 14:01:05, EXEC, v:1, k:ed@labirinto, mode:FULL, rate:100, size:87
2026-05-20 14:01:27, MOVE, v:1, k:ed@labirinto, mode:BACK
2026-05-20 14:01:49, MOVE, v:1, k:ed@labirinto, mode:PICK
2026-05-20 14:01:52, MOVE, v:1, k:ed@labirinto, mode:BACK
2026-05-20 14:02:22, SELF, v:1, k:ed@labirinto, self:1, rate:100, study:42, friend:juliana
2026-05-20 14:06:30, MOVE, v:1, k:ed@ilhas, mode:DOWN
2026-05-20 14:06:36, MOVE, v:1, k:ed@ilhas, mode:PICK
2026-05-20 14:06:30, MOVE, v:1, k:ed@ilhas, mode:EDIT
2026-05-20 14:06:30, MOVE, v:1, k:ed@ilhas, mode:EDIT
2026-05-20 14:06:30, MOVE, v:1, k:ed@ilhas, mode:EDIT
2026-05-20 14:11:39, MOVE, v:1, k:ed@ilhas, mode:EDIT
2026-05-20 14:13:15, MOVE, v:1, k:ed@ilhas, mode:EDIT
2026-05-20 14:18:54, MOVE, v:1, k:ed@ilhas, mode:EDIT
2026-05-20 14:22:50, MOVE, v:1, k:ed@ilhas, mode:BACK
2026-05-20 14:25:55, MOVE, v:1, k:ed@n_rainhas, mode:DOWN
2026-05-20 14:22:46, MOVE, v:1, k:ed@ilhas, mode:EDIT
2026-05-20 14:25:55, MOVE, v:1, k:ed@n_rainhas, mode:EDIT
2026-05-20 14:25:55, MOVE, v:1, k:ed@n_rainhas, mode:EDIT
2026-05-20 14:25:55, MOVE, v:1, k:ed@n_rainhas, mode:EDIT
2026-05-20 19:40:39, MOVE, v:1, k:ed@enesimo, mode:PICK
2026-05-20 19:55:02, EXEC, v:1, k:ed@enesimo, mode:FULL, rate:0, size:30
2026-05-20 19:55:02, MOVE, v:1, k:ed@enesimo, mode:EDIT
2026-05-20 19:55:45, MOVE, v:1, k:ed@enesimo, mode:EDIT
2026-05-20 20:00:43, MOVE, v:1, k:ed@enesimo, mode:EDIT
