2026-06-15 17:21:55, MOVE, v:1, k:ed@multiset, mode:PICK
2026-06-15 17:26:12, MOVE, v:1, k:ed@multiset, mode:EDIT
2026-06-15 17:31:12, MOVE, v:1, k:ed@multiset, mode:EDIT
2026-06-15 17:36:12, MOVE, v:1, k:ed@multiset, mode:EDIT
2026-06-15 17:41:13, MOVE, v:1, k:ed@multiset, mode:EDIT
2026-06-15 17:42:29, EXEC, v:1, k:ed@multiset, mode:FULL, size:196, fail:COMP
2026-06-15 17:43:13, EXEC, v:1, k:ed@multiset, mode:FULL, rate:0, size:196
2026-06-15 17:46:11, MOVE, v:1, k:ed@multiset, mode:EDIT
2026-06-15 17:43:13, MOVE, v:1, k:ed@multiset, mode:EDIT
2026-06-15 17:47:21, MOVE, v:1, k:ed@multiset, mode:EDIT
2026-06-15 18:06:09, MOVE, v:1, k:ed@multiset, mode:EDIT
2026-06-15 18:11:13, MOVE, v:1, k:ed@multiset, mode:EDIT
2026-06-15 18:14:50, EXEC, v:1, k:ed@multiset, mode:FULL, size:212, fail:COMP
2026-06-15 18:14:45, MOVE, v:1, k:ed@multiset, mode:EDIT
2026-06-15 18:41:12, MOVE, v:1, k:ed@multiset, mode:EDIT
2026-06-15 18:59:10, EXEC, v:1, k:ed@multiset, mode:FULL, size:210, fail:COMP
2026-06-15 19:08:09, MOVE, v:1, k:ed@multiset, mode:EDIT
2026-06-15 19:14:38, MOVE, v:1, k:ed@multiset, mode:EDIT
2026-06-15 19:20:52, MOVE, v:1, k:ed@multiset, mode:EDIT
2026-06-15 19:25:29, EXEC, v:1, k:ed@multiset, mode:FULL, size:198, fail:COMP
2026-06-15 19:24:43, MOVE, v:1, k:ed@multiset, mode:EDIT
2026-06-15 19:36:06, MOVE, v:1, k:ed@multiset, mode:EDIT
2026-06-15 19:37:58, MOVE, v:1, k:ed@multiset, mode:EDIT
2026-06-15 19:45:49, MOVE, v:1, k:ed@multiset, mode:EDIT
2026-06-15 19:47:00, EXEC, v:1, k:ed@multiset, mode:FULL, size:199, fail:COMP
2026-06-15 19:47:09, EXEC, v:1, k:ed@multiset, mode:FULL, rate:0, size:199
2026-06-15 19:47:29, MOVE, v:1, k:ed@multiset, mode:BACK
