2026-03-17 00:09:52, MOVE, v:1, k:ed@fuga, mode:PICK
2026-03-17 00:14:35, EXEC, v:1, k:ed@fuga, mode:FULL, rate:0, size:9
2026-03-17 00:14:41, MOVE, v:1, k:ed@fuga, mode:BACK
2026-03-17 00:14:43, MOVE, v:1, k:ed@fuga, mode:PICK
2026-03-17 00:14:44, MOVE, v:1, k:ed@fuga, mode:BACK
2026-03-17 00:14:58, MOVE, v:1, k:ed@fuga, mode:PICK
2026-03-17 00:23:18, EXEC, v:1, k:ed@fuga, mode:FULL, size:18, fail:COMP
2026-03-17 00:23:28, EXEC, v:1, k:ed@fuga, mode:FULL, rate:10, size:18
2026-03-17 00:23:52, EXEC, v:1, k:ed@fuga, mode:FULL, rate:40, size:18
2026-03-17 00:24:35, EXEC, v:1, k:ed@fuga, mode:FULL, rate:40
2026-03-17 00:26:04, EXEC, v:1, k:ed@fuga, mode:FULL, rate:40, size:18
2026-03-17 00:26:43, EXEC, v:1, k:ed@fuga, mode:FULL, rate:40, size:18
2026-03-17 00:27:25, EXEC, v:1, k:ed@fuga, mode:FULL, rate:20, size:18
2026-03-17 00:27:51, EXEC, v:1, k:ed@fuga, mode:FULL, rate:10, size:18
2026-03-17 00:28:29, MOVE, v:1, k:ed@fuga, mode:PICK
2026-03-17 00:29:53, EXEC, v:1, k:ed@fuga, mode:FULL, rate:20, size:18
2026-03-17 00:30:00, EXEC, v:1, k:ed@fuga, mode:FULL, rate:20, size:18
2026-03-17 00:30:29, EXEC, v:1, k:ed@fuga, mode:FULL, rate:60, size:20
2026-03-17 00:30:46, MOVE, v:1, k:ed@fuga, mode:BACK
2026-03-17 00:33:34, MOVE, v:1, k:ed@fuga, mode:PICK
2026-03-17 00:33:36, EXEC, v:1, k:ed@fuga, mode:FULL, size:23, fail:COMP
2026-03-17 00:34:08, EXEC, v:1, k:ed@fuga, mode:FULL, rate:90, size:22
2026-03-17 00:35:22, EXEC, v:1, k:ed@fuga, mode:FULL, rate:90, size:22
2026-03-17 00:36:26, MOVE, v:1, k:ed@fuga, mode:PICK
2026-03-17 00:36:35, EXEC, v:1, k:ed@fuga, mode:FULL, rate:90, size:22
2026-03-17 00:37:15, EXEC, v:1, k:ed@fuga, mode:FULL, rate:90, size:22
2026-03-17 00:37:29, EXEC, v:1, k:ed@fuga, mode:FULL, rate:100, size:22
2026-03-17 00:37:37, MOVE, v:1, k:ed@fuga, mode:BACK
2026-03-17 00:38:04, MOVE, v:1, k:ed@pedra, mode:DOWN
2026-03-17 00:38:55, MOVE, v:1, k:ed@pedra, mode:PICK
2026-03-17 01:20:30, MOVE, v:1, k:ed@pedra, mode:PICK
2026-03-17 01:22:26, EXEC, v:1, k:ed@pedra, mode:FULL, rate:0, size:5
2026-03-17 01:22:29, MOVE, v:1, k:ed@pedra, mode:BACK
2026-03-17 01:22:49, MOVE, v:1, k:ed@pedra, mode:PICK
2026-03-17 01:24:05, MOVE, v:1, k:ed@pedra, mode:BACK
2026-03-17 01:24:11, MOVE, v:1, k:ed@pedra, mode:PICK
2026-03-17 01:27:51, EXEC, v:1, k:ed@pedra, mode:FULL, size:7, fail:COMP
2026-03-17 01:29:22, EXEC, v:1, k:ed@pedra, mode:FULL, size:10, fail:COMP
2026-03-17 01:32:55, EXEC, v:1, k:ed@pedra, mode:FULL, rate:0, size:17
2026-03-17 01:40:32, EXEC, v:1, k:ed@pedra, mode:FULL, rate:0, size:32
2026-03-17 01:41:31, EXEC, v:1, k:ed@pedra, mode:FULL, rate:0, size:33
2026-03-17 01:41:48, EXEC, v:1, k:ed@pedra, mode:FULL, rate:0, size:33
2026-03-17 01:41:59, EXEC, v:1, k:ed@pedra, mode:FULL, size:33, fail:COMP
2026-03-17 01:42:08, EXEC, v:1, k:ed@pedra, mode:FULL, rate:75, size:33
2026-03-17 01:42:43, EXEC, v:1, k:ed@pedra, mode:FULL, rate:100, size:35
2026-03-17 01:42:46, MOVE, v:1, k:ed@pedra, mode:BACK
2026-03-17 01:45:07, MOVE, v:1, k:ed@casais, mode:DOWN
2026-03-17 01:45:24, MOVE, v:1, k:ed@casais, mode:PICK
2026-03-17 01:45:53, MOVE, v:1, k:ed@casais, mode:BACK
2026-03-17 13:13:44, SELF, v:1, k:ed@pintando, self:1, rate:100, study:40, friend:n, guided:1, concept:1
2026-03-17 13:31:18, SELF, v:1, k:ed@mumia, self:1, rate:100, study:50, friend:n, guided:1
2026-03-17 13:32:21, SELF, v:1, k:ed@fuga, self:1, rate:100
2026-03-17 13:44:19, SELF, v:1, k:ed@fuga, self:1, rate:100, study:40, friend:s, anna rayca, guided:1
2026-03-17 13:44:59, SELF, v:1, k:ed@pedra, self:1, rate:100, study:60, friend:s, anna rayca, guided:1, concept:1, problem:1
2026-03-17 13:45:04, MOVE, v:1, k:ed@pedra, mode:PICK
2026-03-17 13:45:06, MOVE, v:1, k:ed@pedra, mode:BACK
2026-03-17 13:45:25, SELF, v:1, k:ed@pedra, self:1, rate:100, study:60, friend:s, anna rayca, guided:1, concept:1
2026-03-17 13:46:01, MOVE, v:1, k:ed@pedra, mode:PICK
2026-03-17 13:46:03, MOVE, v:1, k:ed@pedra, mode:BACK
2026-03-17 13:46:05, MOVE, v:1, k:ed@pedra, mode:PICK
2026-03-17 13:46:07, MOVE, v:1, k:ed@pedra, mode:BACK
2026-03-17 13:46:20, SELF, v:1, k:ed@pedra, self:1, rate:100, study:60, friend:s, anna rayca, guided:1, concept:1, problem:1
2026-03-17 13:46:36, MOVE, v:1, k:ed@casais, mode:PICK
2026-03-17 13:48:39, MOVE, v:1, k:ed@casais, mode:BACK
2026-03-17 13:48:58, MOVE, v:1, k:ed@casais, mode:PICK
2026-03-17 13:48:59, MOVE, v:1, k:ed@casais, mode:BACK
