2026-06-24 18:33:09, MOVE, v:1, k:ed@multiset, mode:PICK
2026-06-24 18:37:25, MOVE, v:1, k:ed@multiset, mode:EDIT
2026-06-24 18:42:33, MOVE, v:1, k:ed@multiset, mode:EDIT
2026-06-24 18:47:19, MOVE, v:1, k:ed@multiset, mode:EDIT
2026-06-24 18:51:45, MOVE, v:1, k:ed@multiset, mode:EDIT
2026-06-24 18:57:33, MOVE, v:1, k:ed@multiset, mode:EDIT
2026-06-24 18:58:57, EXEC, v:1, k:ed@multiset, mode:FULL, rate:16, size:229
2026-06-24 19:01:35, EXEC, v:1, k:ed@multiset, mode:FULL, rate:100, size:208
2026-06-24 19:01:46, MOVE, v:1, k:ed@multiset, mode:BACK
2026-06-24 19:01:34, MOVE, v:1, k:ed@multiset, mode:EDIT
2026-06-24 19:01:35, MOVE, v:1, k:ed@multiset, mode:EDIT
2026-06-24 19:03:12, SELF, v:1, k:ed@multiset, self:1, rate:100, study:256, friend:juliana barbosa, concept:1
2026-06-24 19:05:00, MOVE, v:1, k:ed@bettersearch, mode:DOWN
2026-06-24 19:05:00, MOVE, v:1, k:ed@bettersearch, mode:EDIT
2026-06-24 19:05:00, MOVE, v:1, k:ed@bettersearch, mode:EDIT
2026-06-24 19:08:13, MOVE, v:1, k:ed@bettersearch, mode:PICK
2026-06-24 19:08:20, EXEC, v:1, k:ed@bettersearch, mode:FULL, rate:18, size:33
2026-06-24 19:09:37, MOVE, v:1, k:ed@bettersearch, mode:BACK
2026-06-24 19:09:38, MOVE, v:1, k:ed@bettersearch, mode:PICK
2026-06-24 19:08:20, MOVE, v:1, k:ed@bettersearch, mode:EDIT
2026-06-24 19:12:28, MOVE, v:1, k:ed@bettersearch, mode:EDIT
2026-06-24 19:17:34, MOVE, v:1, k:ed@bettersearch, mode:EDIT
2026-06-24 19:17:42, EXEC, v:1, k:ed@bettersearch, mode:FULL, rate:45, size:48
2026-06-24 19:18:25, EXEC, v:1, k:ed@bettersearch, mode:FULL, rate:0, size:46
2026-06-24 19:18:39, EXEC, v:1, k:ed@bettersearch, mode:FULL, rate:45, size:46
2026-06-24 19:18:58, EXEC, v:1, k:ed@bettersearch, mode:FULL, rate:45, size:46
2026-06-24 19:20:24, EXEC, v:1, k:ed@bettersearch, mode:FULL, rate:27, size:46
2026-06-24 19:20:38, EXEC, v:1, k:ed@bettersearch, mode:FULL, rate:100, size:46
2026-06-24 19:20:56, EXEC, v:1, k:ed@bettersearch, mode:FULL, rate:0, size:46
2026-06-24 19:21:16, EXEC, v:1, k:ed@bettersearch, mode:FULL, rate:100, size:46
2026-06-24 19:21:17, MOVE, v:1, k:ed@bettersearch, mode:BACK
2026-06-24 19:21:37, MOVE, v:1, k:ed@bettersearch, mode:PICK
2026-06-24 19:21:56, EXEC, v:1, k:ed@bettersearch, mode:FULL, rate:0, size:46
2026-06-24 19:22:29, EXEC, v:1, k:ed@bettersearch, mode:FULL, rate:36, size:46
2026-06-24 19:22:39, EXEC, v:1, k:ed@bettersearch, mode:FULL, rate:100, size:46
2026-06-24 19:22:46, EXEC, v:1, k:ed@bettersearch, mode:FULL, rate:72, size:46
2026-06-24 19:23:54, EXEC, v:1, k:ed@bettersearch, mode:FULL, rate:100, size:46
2026-06-24 19:23:57, MOVE, v:1, k:ed@bettersearch, mode:BACK
2026-06-24 19:24:27, SELF, v:1, k:ed@bettersearch, self:1, rate:100, study:20, concept:1
