2026-03-21 22:52:50, SELF, v:1, k:ed@pintando, self:1, rate:100, study:40, friend:n, concept:1
2026-03-21 22:53:04, SELF, v:1, k:ed@mumia, self:1, rate:100, study:50, friend:n
2026-03-21 22:53:08, MOVE, v:1, k:ed@fuga, mode:PICK
2026-03-21 22:53:13, MOVE, v:1, k:ed@fuga, mode:BACK
2026-03-21 22:53:42, SELF, v:1, k:ed@fuga, self:1, rate:100, study:40, friend:rayca
2026-03-21 22:54:31, SELF, v:1, k:ed@pintando, self:1, rate:100, study:80, friend:n, concept:1
2026-03-21 22:54:32, MOVE, v:1, k:ed@pintando, mode:PICK
2026-03-21 22:54:34, MOVE, v:1, k:ed@pintando, mode:BACK
2026-03-21 22:54:45, SELF, v:1, k:ed@mumia, self:1, rate:100, study:50, friend:n
2026-03-21 23:14:22, SELF, v:1, k:ed@pintando, self:1, rate:100, study:80, friend:n, concept:1
2026-03-21 23:14:48, SELF, v:1, k:ed@mumia, self:1, rate:100, study:50
2026-03-21 23:15:00, SELF, v:1, k:ed@pintando, self:1, rate:100, study:80, concept:1
2026-03-21 23:15:12, SELF, v:1, k:ed@fuga, self:1, rate:100, study:40, friend:rayca
2026-03-21 23:15:36, SELF, v:1, k:ed@pedra, self:1, rate:100, study:60, friend:rayca, concept:1, problem:1
2026-03-21 23:15:53, SELF, v:1, k:ed@fuga, self:1, rate:100, study:60, friend:rayca
2026-03-21 23:16:13, SELF, v:1, k:ed@casais, self:1, rate:100, study:60, concept:1
2026-03-21 23:16:18, MOVE, v:1, k:ed@baruel, mode:PICK
2026-03-21 23:34:17, EXEC, v:1, k:ed@baruel, mode:FULL, rate:0, size:14
2026-03-21 23:34:24, MOVE, v:1, k:ed@baruel, mode:BACK
2026-03-21 23:34:29, MOVE, v:1, k:ed@baruel, mode:PICK
2026-03-21 23:44:57, EXEC, v:1, k:ed@baruel, mode:FULL, rate:0, size:27
2026-03-21 23:51:07, EXEC, v:1, k:ed@baruel, mode:FULL, rate:100, size:45
2026-03-21 23:51:19, MOVE, v:1, k:ed@baruel, mode:BACK
2026-03-21 23:52:17, SELF, v:1, k:ed@baruel, self:1, rate:100, study:60, guided:1
2026-03-21 23:52:45, MOVE, v:1, k:ed@gomos, mode:DOWN
2026-03-21 23:53:01, MOVE, v:1, k:ed@gomos, mode:PICK
2026-03-21 23:56:28, MOVE, v:1, k:ed@gomos, mode:BACK
2026-03-21 23:56:33, MOVE, v:1, k:ed@gomos, mode:PICK
2026-03-21 23:57:59, MOVE, v:1, k:ed@gomos, mode:BACK
2026-03-21 23:58:05, MOVE, v:1, k:ed@gomos, mode:PICK
