2026-05-26 00:39:54, MOVE, v:1, k:ed@chaves, mode:DOWN
2026-05-26 00:41:55, MOVE, v:1, k:ed@chaves, mode:PICK
2026-05-26 00:39:54, MOVE, v:1, k:ed@chaves, mode:EDIT
2026-05-26 00:39:54, MOVE, v:1, k:ed@chaves, mode:EDIT
2026-05-26 00:39:54, MOVE, v:1, k:ed@chaves, mode:EDIT
2026-05-26 00:39:54, MOVE, v:1, k:ed@chaves, mode:EDIT
2026-05-26 00:47:04, MOVE, v:1, k:ed@chaves, mode:BACK
2026-05-26 00:47:18, MOVE, v:1, k:ed@rotten, mode:PICK
2026-05-26 00:53:54, EXEC, v:1, k:ed@rotten, mode:FULL, rate:100
2026-05-26 00:53:57, MOVE, v:1, k:ed@rotten, mode:BACK
2026-05-26 00:54:51, MOVE, v:1, k:ed@chaves, mode:PICK
2026-05-26 00:55:13, MOVE, v:1, k:ed@chaves, mode:BACK
2026-05-26 00:55:15, MOVE, v:1, k:ed@chaves, mode:PICK
2026-05-26 01:16:53, MOVE, v:1, k:ed@chaves, mode:BACK
2026-05-26 01:17:23, MOVE, v:1, k:ed@chaves, mode:PICK
2026-05-26 13:24:26, MOVE, v:1, k:ed@bufferring, mode:DOWN
2026-05-26 13:24:28, MOVE, v:1, k:ed@bufferring, mode:PICK
2026-05-26 13:25:35, MOVE, v:1, k:ed@bufferring, mode:BACK
2026-05-26 13:25:37, MOVE, v:1, k:ed@bufferring, mode:PICK
2026-05-26 13:21:01, MOVE, v:1, k:ed@chaves, mode:EDIT
2026-05-26 13:24:26, MOVE, v:1, k:ed@bufferring, mode:EDIT
2026-05-26 13:24:26, MOVE, v:1, k:ed@bufferring, mode:EDIT
2026-05-26 13:24:26, MOVE, v:1, k:ed@bufferring, mode:EDIT
2026-05-26 13:24:26, MOVE, v:1, k:ed@bufferring, mode:EDIT
2026-05-26 13:48:14, MOVE, v:1, k:ed@bufferring, mode:BACK
2026-05-26 13:57:14, MOVE, v:1, k:ed@queimando, mode:DOWN
2026-05-26 13:57:17, MOVE, v:1, k:ed@queimando, mode:PICK
2026-05-26 13:57:14, MOVE, v:1, k:ed@queimando, mode:EDIT
2026-05-26 13:57:14, MOVE, v:1, k:ed@queimando, mode:EDIT
2026-05-26 13:57:14, MOVE, v:1, k:ed@queimando, mode:EDIT
2026-05-26 13:58:34, MOVE, v:1, k:ed@queimando, mode:EDIT
2026-05-26 17:33:30, SELF, v:1, k:ed@pedra, self:1, rate:100, friend:rayca, concept:1
2026-05-26 17:37:53, MOVE, v:1, k:ed@pedra, mode:PICK
2026-05-26 17:38:52, EXEC, v:1, k:ed@pedra, mode:FULL, rate:100, size:36
2026-05-26 17:38:58, MOVE, v:1, k:ed@pedra, mode:BACK
2026-05-26 17:40:12, MOVE, v:1, k:ed@baruel, mode:PICK
2026-05-26 17:37:45, MOVE, v:1, k:ed@pedra, mode:EDIT
2026-05-26 17:38:52, MOVE, v:1, k:ed@pedra, mode:EDIT
2026-05-26 17:40:44, MOVE, v:1, k:ed@baruel, mode:BACK
2026-05-26 17:40:56, SELF, v:1, k:ed@baruel, self:1, rate:100
2026-05-26 17:40:56, MOVE, v:1, k:ed@baruel, mode:PICK
2026-05-26 17:49:50, MOVE, v:1, k:ed@baruel, mode:EDIT
2026-05-26 17:52:18, EXEC, v:1, k:ed@baruel, mode:FULL, rate:100, size:48
2026-05-26 17:52:32, MOVE, v:1, k:ed@baruel, mode:BACK
2026-05-26 17:53:13, SELF, v:1, k:ed@gomos, self:1, rate:100
2026-05-26 17:53:38, MOVE, v:1, k:ed@gomos, mode:PICK
2026-05-26 17:52:18, MOVE, v:1, k:ed@baruel, mode:EDIT
2026-05-26 18:05:26, MOVE, v:1, k:ed@gomos, mode:EDIT
2026-05-26 18:06:21, EXEC, v:1, k:ed@gomos, mode:FULL, rate:100, size:35
2026-05-26 18:06:23, MOVE, v:1, k:ed@gomos, mode:BACK
2026-05-26 18:05:33, MOVE, v:1, k:ed@gomos, mode:EDIT
2026-05-26 18:06:21, MOVE, v:1, k:ed@gomos, mode:EDIT
2026-05-26 18:14:52, MOVE, v:1, k:ed@queimada, mode:PICK
2026-05-26 18:14:54, MOVE, v:1, k:ed@queimada, mode:BACK
2026-05-26 18:15:04, SELF, v:1, k:ed@queimada, self:1, rate:100
2026-05-26 18:15:04, MOVE, v:1, k:ed@fractais_png, mode:PICK
2026-05-26 18:15:05, MOVE, v:1, k:ed@fractais_png, mode:BACK
2026-05-26 18:14:38, MOVE, v:1, k:ed@gomos, mode:EDIT
2026-05-26 18:22:10, MOVE, v:1, k:ed@n_rainhas, mode:PICK
2026-05-26 18:23:01, EXEC, v:1, k:ed@n_rainhas, mode:FULL, rate:0, size:8
2026-05-26 18:24:09, EXEC, v:1, k:ed@n_rainhas, mode:FULL, rate:8, size:8
2026-05-26 18:24:57, MOVE, v:1, k:ed@n_rainhas, mode:EDIT
2026-05-26 18:24:09, MOVE, v:1, k:ed@n_rainhas, mode:EDIT
2026-05-26 18:29:30, MOVE, v:1, k:ed@n_rainhas, mode:EDIT
2026-05-26 18:35:24, MOVE, v:1, k:ed@n_rainhas, mode:EDIT
2026-05-26 18:36:14, EXEC, v:1, k:ed@n_rainhas, mode:FULL, size:14, fail:COMP
2026-05-26 18:36:26, MOVE, v:1, k:ed@n_rainhas, mode:BACK
2026-05-26 18:36:29, MOVE, v:1, k:ed@n_rainhas, mode:PICK
2026-05-26 18:38:46, MOVE, v:1, k:ed@n_rainhas, mode:EDIT
2026-05-26 18:54:05, MOVE, v:1, k:ed@n_rainhas, mode:BACK
2026-05-26 18:55:19, MOVE, v:1, k:ed@n_rainhas, mode:PICK
2026-05-26 18:56:48, MOVE, v:1, k:ed@n_rainhas, mode:BACK
2026-05-26 18:56:52, MOVE, v:1, k:ed@n_rainhas, mode:PICK
2026-05-26 18:55:18, MOVE, v:1, k:ed@n_rainhas, mode:EDIT
2026-05-26 22:17:59, MOVE, v:1, k:ed@n_rainhas, mode:PICK
2026-05-26 22:18:08, MOVE, v:1, k:ed@n_rainhas, mode:BACK
2026-05-26 22:19:05, MOVE, v:1, k:ed@n_rainhas, mode:PICK
2026-05-26 22:19:09, EXEC, v:1, k:ed@n_rainhas, mode:FULL, rate:0, size:39
2026-05-26 22:19:39, MOVE, v:1, k:ed@n_rainhas, mode:BACK
2026-05-26 22:19:42, MOVE, v:1, k:ed@n_rainhas, mode:PICK
2026-05-26 22:19:50, EXEC, v:1, k:ed@n_rainhas, mode:FULL, rate:0, size:39
2026-05-26 22:20:46, EXEC, v:1, k:ed@n_rainhas, mode:FULL, rate:8, size:39
2026-05-26 22:20:56, EXEC, v:1, k:ed@n_rainhas, mode:FULL, rate:0, size:39
2026-05-26 22:21:08, MOVE, v:1, k:ed@n_rainhas, mode:PICK
2026-05-26 22:21:16, EXEC, v:1, k:ed@n_rainhas, mode:FULL, rate:16, size:39
2026-05-26 22:21:24, EXEC, v:1, k:ed@n_rainhas, mode:FULL, rate:25, size:39
2026-05-26 22:23:36, MOVE, v:1, k:ed@n_rainhas, mode:BACK
2026-05-26 22:23:40, MOVE, v:1, k:ed@n_rainhas, mode:PICK
2026-05-26 22:24:23, MOVE, v:1, k:ed@n_rainhas, mode:EDIT
2026-05-26 22:21:24, MOVE, v:1, k:ed@n_rainhas, mode:EDIT
2026-05-26 22:31:05, MOVE, v:1, k:ed@n_rainhas, mode:EDIT
2026-05-26 22:35:27, MOVE, v:1, k:ed@n_rainhas, mode:EDIT
2026-05-26 22:45:00, MOVE, v:1, k:ed@n_rainhas, mode:EDIT
2026-05-26 22:55:42, MOVE, v:1, k:ed@n_rainhas, mode:EDIT
2026-05-26 22:57:43, EXEC, v:1, k:ed@n_rainhas, mode:FULL, size:42, fail:COMP
2026-05-26 22:59:47, EXEC, v:1, k:ed@n_rainhas, mode:FULL, rate:16, size:49
2026-05-26 23:01:06, MOVE, v:1, k:ed@n_rainhas, mode:EDIT
2026-05-26 22:59:46, MOVE, v:1, k:ed@n_rainhas, mode:EDIT
2026-05-26 23:01:47, EXEC, v:1, k:ed@n_rainhas, mode:FULL, rate:100, size:49
2026-05-26 23:01:49, MOVE, v:1, k:ed@n_rainhas, mode:BACK
2026-05-26 23:02:49, SELF, v:1, k:ed@n_rainhas, self:1, rate:100, study:60, concept:1
2026-05-26 23:03:36, MOVE, v:1, k:ed@alternando, mode:DOWN
2026-05-26 23:03:53, MOVE, v:1, k:ed@alternando, mode:PICK
2026-05-26 23:03:36, MOVE, v:1, k:ed@alternando, mode:EDIT
2026-05-26 23:03:36, MOVE, v:1, k:ed@alternando, mode:EDIT
2026-05-26 23:09:47, MOVE, v:1, k:ed@alternando, mode:EDIT
2026-05-26 23:12:57, MOVE, v:1, k:ed@alternando, mode:BACK
