2026-04-07 00:11:18, EXEC, v:1, k:ed@triangulo, mode:FULL, rate:0, size:63
2026-04-07 00:12:07, EXEC, v:1, k:ed@triangulo, mode:FULL, rate:0, size:63
2026-04-07 00:12:23, EXEC, v:1, k:ed@triangulo, mode:FULL, rate:0, size:63
2026-04-07 00:12:54, EXEC, v:1, k:ed@triangulo, mode:FULL, rate:0, size:63
2026-04-07 00:14:00, EXEC, v:1, k:ed@triangulo, mode:FULL, rate:0, size:64
2026-04-07 00:14:29, MOVE, v:1, k:ed@triangulo, mode:PICK
2026-04-07 00:15:21, EXEC, v:1, k:ed@triangulo, mode:FULL, rate:100, size:67
2026-04-07 00:15:34, MOVE, v:1, k:ed@triangulo, mode:BACK
2026-04-07 00:16:07, SELF, v:1, k:ed@triangulo, self:1, rate:100, study:30, concept:1
2026-04-07 00:17:14, SELF, v:1, k:ed@vetequals, self:1, rate:100, study:20, concept:1
2026-04-07 00:18:17, MOVE, v:1, k:ed@enesimo, mode:DOWN
2026-04-07 00:18:28, MOVE, v:1, k:ed@eh_primo, mode:DOWN
2026-04-07 00:22:08, MOVE, v:1, k:ed@eh_primo, mode:PICK
2026-04-07 00:31:46, EXEC, v:1, k:ed@eh_primo, mode:FULL, rate:100, size:32
2026-04-07 00:31:55, MOVE, v:1, k:ed@eh_primo, mode:BACK
2026-04-07 00:36:38, MOVE, v:1, k:ed@queimada, mode:PICK
2026-04-07 00:51:31, EXEC, v:1, k:ed@queimada, mode:FULL, rate:100, size:52
2026-04-07 00:51:38, MOVE, v:1, k:ed@queimada, mode:BACK
2026-04-07 00:53:50, MOVE, v:1, k:ed@labirinto, mode:DOWN
2026-04-07 00:55:20, MOVE, v:1, k:ed@treinando, mode:DOWN
2026-04-07 00:57:52, SELF, v:1, k:ed@queimada, self:1, rate:100, study:30, guided:1
2026-04-07 00:58:28, SELF, v:1, k:ed@eh_primo, self:1, rate:100, study:15, concept:1
2026-04-07 01:06:02, MOVE, v:1, k:ed@labirinto, mode:PICK
2026-04-07 01:08:56, MOVE, v:1, k:ed@labirinto, mode:BACK
2026-04-07 01:17:06, MOVE, v:1, k:ed@triangulo, mode:DOWN
2026-04-07 13:35:34, SELF, v:1, k:ed@vetequals, self:1, rate:100, study:15, concept:1
2026-04-07 13:35:58, MOVE, v:1, k:ed@fractais_png, mode:DOWN
2026-04-07 13:36:13, MOVE, v:1, k:ed@fractais_png, mode:PICK
2026-04-07 13:36:17, EXEC, v:1, k:ed@fractais_png, mode:FULL, size:136, fail:COMP
2026-04-07 13:36:21, MOVE, v:1, k:ed@fractais_png, mode:BACK
2026-04-07 13:36:46, MOVE, v:1, k:ed@fractais_png, mode:PICK
2026-04-07 13:36:48, EXEC, v:1, k:ed@fractais_png, mode:FULL, fail:COMP
2026-04-07 13:36:50, MOVE, v:1, k:ed@fractais_png, mode:BACK
