2026-06-28 15:54:35, MOVE, v:1, k:ed@especiais, mode:PICK
2026-06-28 15:54:40, MOVE, v:1, k:ed@especiais, mode:BACK
2026-06-28 15:56:38, MOVE, v:1, k:ed@especiais, mode:PICK
2026-06-28 15:59:02, MOVE, v:1, k:ed@especiais, mode:EDIT
2026-06-28 16:01:52, EXEC, v:1, k:ed@especiais, mode:FULL, size:165, fail:COMP
2026-06-28 16:04:20, MOVE, v:1, k:ed@especiais, mode:EDIT
2026-06-28 16:06:48, EXEC, v:1, k:ed@especiais, mode:FULL, rate:0, size:173
2026-06-28 16:08:58, MOVE, v:1, k:ed@especiais, mode:EDIT
2026-06-28 16:06:48, MOVE, v:1, k:ed@especiais, mode:EDIT
2026-06-28 16:14:14, MOVE, v:1, k:ed@especiais, mode:EDIT
2026-06-28 16:19:21, MOVE, v:1, k:ed@especiais, mode:EDIT
2026-06-28 16:23:49, EXEC, v:1, k:ed@especiais, mode:FULL, rate:0, size:214
2026-06-28 16:23:17, MOVE, v:1, k:ed@especiais, mode:EDIT
2026-06-28 16:23:49, MOVE, v:1, k:ed@especiais, mode:EDIT
2026-06-28 16:29:18, MOVE, v:1, k:ed@especiais, mode:EDIT
2026-06-28 16:33:59, MOVE, v:1, k:ed@especiais, mode:EDIT
2026-06-28 16:35:40, EXEC, v:1, k:ed@especiais, mode:FULL, rate:37, size:238
2026-06-28 16:35:52, MOVE, v:1, k:ed@especiais, mode:BACK
2026-06-28 16:36:08, MOVE, v:1, k:ed@especiais, mode:PICK
2026-06-28 16:36:11, EXEC, v:1, k:ed@especiais, mode:FULL, rate:37
2026-06-28 16:37:47, EXEC, v:1, k:ed@especiais, mode:FULL, rate:37, size:245
2026-06-28 16:39:01, EXEC, v:1, k:ed@especiais, mode:FULL, rate:50, size:245
2026-06-28 16:39:01, MOVE, v:1, k:ed@especiais, mode:EDIT
2026-06-28 16:40:55, MOVE, v:1, k:ed@especiais, mode:EDIT
2026-06-28 16:41:27, EXEC, v:1, k:ed@especiais, mode:FULL, rate:50, size:246
2026-06-28 16:42:34, EXEC, v:1, k:ed@especiais, mode:FULL, rate:50, size:246
2026-06-28 16:44:32, EXEC, v:1, k:ed@especiais, mode:FULL, rate:62, size:246
2026-06-28 16:46:00, MOVE, v:1, k:ed@especiais, mode:EDIT
2026-06-28 16:44:32, MOVE, v:1, k:ed@especiais, mode:EDIT
2026-06-28 16:46:04, EXEC, v:1, k:ed@especiais, mode:FULL, rate:62, size:245
2026-06-28 16:46:16, EXEC, v:1, k:ed@especiais, mode:FULL, rate:62, size:245
2026-06-28 16:47:59, EXEC, v:1, k:ed@especiais, mode:FULL, rate:75, size:245
2026-06-28 16:48:49, EXEC, v:1, k:ed@especiais, mode:FULL, rate:75, size:245
2026-06-28 16:49:58, EXEC, v:1, k:ed@especiais, mode:FULL, rate:87, size:245
2026-06-28 16:49:58, MOVE, v:1, k:ed@especiais, mode:EDIT
2026-06-28 16:50:43, MOVE, v:1, k:ed@especiais, mode:EDIT
2026-06-28 16:51:48, EXEC, v:1, k:ed@especiais, mode:FULL, rate:87
2026-06-28 16:53:35, EXEC, v:1, k:ed@especiais, mode:FULL, rate:87
2026-06-28 16:54:47, EXEC, v:1, k:ed@especiais, mode:FULL, rate:87, size:245
2026-06-28 16:54:01, MOVE, v:1, k:ed@especiais, mode:EDIT
2026-06-28 16:54:47, MOVE, v:1, k:ed@especiais, mode:EDIT
2026-06-28 16:56:38, EXEC, v:1, k:ed@especiais, mode:FULL, rate:100, size:245
2026-06-28 16:56:43, MOVE, v:1, k:ed@especiais, mode:BACK
2026-06-28 16:56:58, SELF, v:1, k:ed@especiais, self:1, rate:100, study:56
2026-06-28 16:58:10, MOVE, v:1, k:ed@manipulacao, mode:DOWN
2026-06-28 16:56:37, MOVE, v:1, k:ed@especiais, mode:EDIT
2026-06-28 16:56:38, MOVE, v:1, k:ed@especiais, mode:EDIT
2026-06-28 16:58:10, MOVE, v:1, k:ed@manipulacao, mode:EDIT
2026-06-28 16:58:10, MOVE, v:1, k:ed@manipulacao, mode:EDIT
